    Updating registry at `~/.julia/registries/General.toml`
   Installed Statistics ───────── v1.11.4
   Installed CodecZlib ────────── v0.7.9
   Installed JuliaFormatter ───── v2.13.0
   Installed Roots ────────────── v3.0.7
   Installed SpecialFunctions ─── v2.9.0
   Installed StatsBase ────────── v0.34.13
   Installed JLD2 ─────────────── v0.6.6
   Installed CSV ──────────────── v0.10.17
   Installed Revise ───────────── v3.17.0
   Installed Tables ───────────── v1.14.0
   Installed CommonSolve ──────── v0.2.14
   Installed LaTeXStrings ─────── v1.4.1
   Installed PrettyTables ─────── v3.4.8
   Installed ChunkCodecCore ───── v1.0.2
   Installed StringManipulation ─ v0.5.0
   Installed Distributions ────── v0.25.131
    Updating `~/Desktop/code/Emerald/GriddingMachine.jl/Project.toml`
⌅ [c43c736e] + Genie v5.35.15
⌅ [cd3eb016] + HTTP v1.11.0
  [682c06a0] + JSON v1.7.1
  [6a36f34d] + NetcdfIO v0.3.0
⌅ [bac558e1] + OrderedCollections v1.8.2
  [0d262f2c] + PkgUtility v0.3.1
  [295af30f] + Revise v3.17.0
  [ddb6d928] + YAML v0.4.16
  [ade2ca70] ~ Dates ⇒ v1.11.0
  [f43a241f] ~ Downloads ⇒ v1.7.0
  [ea8e919c] ~ SHA ⇒ v0.7.0
  [8dfed614] ~ Test ⇒ v1.11.0
    Updating `~/Desktop/code/Emerald/GriddingMachine.jl/Manifest.toml`
  [7d9f7c33] + Accessors v0.1.45
  [66dad0bd] + AliasTables v1.1.3
  [c7e460c6] + ArgParse v1.2.0
  [d1d4a3ce] + BitFlags v0.1.10
  [179af706] + CFTime v0.2.10
  [336ed68f] + CSV v0.10.17
  [0b6fb165] + ChunkCodecCore v1.0.2
  [4c0bbee4] + ChunkCodecLibZlib v1.1.0
  [55437552] + ChunkCodecLibZstd v1.0.0
  [da1fd8a2] + CodeTracking v3.0.2
  [944b1d66] + CodecZlib v0.7.9
  [1fbeeb36] + CommonDataModel v0.4.4
  [a80b9123] + CommonMark v1.0.4
  [38540f10] + CommonSolve v0.2.14
  [34da2185] + Compat v4.18.1
  [807dbc54] + Compiler v0.1.1
  [a33af91c] + CompositionsBase v0.1.2
  [f0e56b4a] + ConcurrentUtilities v2.6.0
  [187b0558] + ConstructionBase v1.6.0
  [a8cc5b0e] + Crayons v4.2.0
  [9a962f9c] + DataAPI v1.16.0
  [a93c6f00] + DataFrames v1.8.2
  [864edb3b] + DataStructures v0.19.6
  [e2d170a0] + DataValueInterfaces v1.0.0
  [3c3547ce] + DiskArrays v0.4.22
  [31c24e10] + Distributions v0.25.131
  [ffbed154] + DocStringExtensions v0.9.5
  [4dc1fcf4] + DotEnv v1.0.0
  [460bff9d] + ExceptionUnwrapping v0.1.11
  [8f5d6c58] + EzXML v1.2.3
  [5789e2e9] + FileIO v1.20.0
  [48062228] + FilePathsBase v0.9.24
  [1a297f60] + FillArrays v1.17.0
  [38e38edf] + GLM v1.9.5
  [a0844989] + Gamma v1.2.0
⌅ [c43c736e] + Genie v5.35.15
  [c27321d9] + Glob v1.5.0
⌅ [cd3eb016] + HTTP v1.11.0
  [076d061b] + HashArrayMappedTries v0.2.0
  [77172c1b] + HttpCommon v0.5.0
  [34004b35] + HypergeometricFunctions v0.3.30
  [6d011eab] + Inflector v1.1.0
  [842dd82b] + InlineStrings v1.4.5
  [3587e190] + InverseFunctions v0.1.17
  [41ab1584] + InvertedIndices v1.3.1
  [92d709cd] + IrrationalConstants v0.2.6
  [82899510] + IteratorInterfaceExtensions v1.0.0
  [033835bb] + JLD2 v0.6.6
  [692b3bcd] + JLLWrappers v1.8.0
  [682c06a0] + JSON v1.7.1
  [98e50ef6] + JuliaFormatter v2.13.0
  [aa1ae85d] + JuliaInterpreter v0.11.4
  [70703baa] + JuliaSyntax v1.0.2
  [8ac3fa9e] + LRUCache v1.6.2
  [b964fa9f] + LaTeXStrings v1.4.1
  [2ab3a3ac] + LogExpFunctions v1.0.1
  [e6f89c97] + LoggingExtras v1.2.0
  [6f1432cf] + LoweredCodeUtils v3.8.0
  [6c6e2e6c] + MIMEs v1.1.0
  [3da0fdf6] + MPIPreferences v0.1.12
  [1914dd2f] + MacroTools v0.5.16
  [739be429] + MbedTLS v1.1.10
  [39ec1447] + Millboard v0.2.5
  [e1d29d7a] + Missings v1.2.0
  [6a36f34d] + NetcdfIO v0.3.0
  [49dea1ee] + Nettle v1.0.0
  [4d1e1d77] + Nullables v1.0.0
  [6fe1bfb0] + OffsetArrays v1.17.0
  [4d8831e6] + OpenSSL v1.6.1
⌅ [bac558e1] + OrderedCollections v1.8.2
  [90014a1f] + PDMats v0.11.41
⌅ [69de0a69] + Parsers v2.8.7
  [0d262f2c] + PkgUtility v0.3.1
  [2dfb63ee] + PooledArrays v1.4.3
  [aea7be01] + PrecompileTools v1.3.4
  [21216c6a] + Preferences v1.5.2
  [08abe8d2] + PrettyTables v3.4.8
  [43287f4e] + PtrArrays v1.4.0
  [1fd47b50] + QuadGK v2.11.3
  [189a3867] + Reexport v1.2.2
  [ae029012] + Requires v1.3.1
  [295af30f] + Revise v3.17.0
  [79098fc4] + Rmath v0.9.0
  [f2b01f46] + Roots v3.0.7
  [7e506255] + ScopedValues v1.6.2
  [91c51154] + SentinelArrays v1.4.10
  [1277b4bf] + ShiftedArrays v2.0.0
  [777ac1f9] + SimpleBufferStream v1.2.0
  [a2af1166] + SortingAlgorithms v1.2.3
  [276daf66] + SpecialFunctions v2.9.0
  [10745b16] + Statistics v1.11.4
  [82ae8749] + StatsAPI v1.8.0
  [2913bbd2] + StatsBase v0.34.13
  [4c63d2b9] + StatsFuns v2.2.1
  [3eaba693] + StatsModels v0.7.10
  [69024149] + StringEncodings v0.3.7
⌅ [892a3eda] + StringManipulation v0.5.0
  [ec057cc2] + StructUtils v2.8.5
  [3783bdb8] + TableTraits v1.0.1
  [bd369af6] + Tables v1.14.0
  [b718987f] + TextWrap v1.0.2
  [3bb67fe8] + TranscodingStreams v0.11.3
  [30578b45] + URIParser v0.4.1
  [5c2747f8] + URIs v1.7.0
  [ea10d353] + WeakRefStrings v1.4.3
  [76eceee3] + WorkerUtilities v1.6.1
  [ddb6d928] + YAML v0.4.16
  [0b7ba130] + Blosc_jll v1.21.7+0
  [6e34b625] + Bzip2_jll v1.0.9+0
⌅ [0234f1f7] + HDF5_jll v1.14.6+0
  [e33a78d0] + Hwloc_jll v2.14.0+0
  [94ce4f54] + Libiconv_jll v1.18.0+0
  [5ced341a] + Lz4_jll v1.10.1+0
⌅ [7cb0a576] + MPICH_jll v4.3.2+0
  [f1f71cc9] + MPItrampoline_jll v5.5.6+0
  [c8ffd9c3] + MbedTLS_jll v2.28.1010+0
  [9237b28f] + MicrosoftMPI_jll v10.1.4+3
⌅ [7243133f] + NetCDF_jll v401.900.300+0
  [4c82536e] + Nettle_jll v3.10.2+0
  [fe0851c0] + OpenMPI_jll v5.0.11+0
  [efe28fd5] + OpenSpecFun_jll v0.5.6+0
  [f50d1b31] + Rmath_jll v0.5.2+0
⌅ [02c8fc9c] + XML2_jll v2.13.9+0
  [ffd25f8a] + XZ_jll v5.8.3+0
  [a65dc6b1] + Xorg_libpciaccess_jll v0.19.0+0
  [3161d3a3] + Zstd_jll v1.5.7+1
  [477f73a3] + libaec_jll v1.1.7+0
  [337d8026] + libzip_jll v1.11.3+0
  [0dad84c5] + ArgTools v1.1.2
  [56f22d72] + Artifacts v1.11.0
  [2a0f44e3] + Base64 v1.11.0
  [8bf52ea8] + CRC32c v1.11.0
  [ade2ca70] ~ Dates ⇒ v1.11.0
  [8ba89e20] + Distributed v1.11.0
  [f43a241f] ~ Downloads ⇒ v1.7.0
  [7b1f6079] + FileWatching v1.11.0
  [9fa8497b] + Future v1.11.0
  [b77e0a4c] + InteractiveUtils v1.11.0
  [ac6e5ff7] + JuliaSyntaxHighlighting v1.12.0
  [4af54fe1] + LazyArtifacts v1.11.0
  [b27032c2] + LibCURL v0.6.4
  [76f85450] + LibGit2 v1.11.0
  [8f399da3] + Libdl v1.11.0
  [37e2e46d] + LinearAlgebra v1.12.0
  [56ddb016] + Logging v1.11.0
  [d6f4376e] + Markdown v1.11.0
  [a63ad114] + Mmap v1.11.0
  [ca575930] + NetworkOptions v1.3.0
  [44cfe95a] + Pkg v1.12.1
  [de0858da] + Printf v1.11.0
  [3fa0cd96] + REPL v1.11.0
  [9a3f8284] + Random v1.11.0
  [ea8e919c] ~ SHA ⇒ v0.7.0
  [9e88b42a] + Serialization v1.11.0
  [6462fe0b] + Sockets v1.11.0
  [2f01184e] + SparseArrays v1.12.0
  [f489334b] + StyledStrings v1.11.0
  [4607b0f0] + SuiteSparse
  [fa267f1f] + TOML v1.0.3
  [a4e569a6] + Tar v1.10.0
  [8dfed614] ~ Test ⇒ v1.11.0
  [cf7118a7] + UUIDs v1.11.0
  [4ec0a83e] + Unicode v1.11.0
  [e66e0078] + CompilerSupportLibraries_jll v1.3.0+1
  [781609d7] + GMP_jll v6.3.0+2
  [deac9b47] + LibCURL_jll v8.15.0+0
  [e37daf67] + LibGit2_jll v1.9.0+0
  [29816b5a] + LibSSH2_jll v1.11.3+1
  [14a3606d] + MozillaCACerts_jll v2025.11.4
  [4536629a] + OpenBLAS_jll v0.3.29+0
  [05823500] + OpenLibm_jll v0.8.7+0
  [458c3c95] + OpenSSL_jll v3.5.4+0
  [bea87d4a] + SuiteSparse_jll v7.8.3+2
  [83775a58] + Zlib_jll v1.3.1+2
  [8e850b90] + libblastrampoline_jll v5.15.0+0
  [8e850ede] + nghttp2_jll v1.64.0+1
  [3f19e933] + p7zip_jll v17.7.0+0
        Info Packages marked with ⌅ have new versions available but compatibility constraints restrict them from upgrading. To see why use `status --outdated -m`
Precompiling packages...
    804.1 ms  ✓ LaTeXStrings
    819.6 ms  ✓ ChunkCodecCore
    786.5 ms  ✓ CodecZlib
    982.5 ms  ✓ Statistics
    550.6 ms  ✓ CommonSolve
   1706.2 ms  ✓ Tables
   2633.9 ms  ✓ SpecialFunctions
   1643.9 ms  ✓ ChunkCodecLibZstd
    516.2 ms  ✓ ChunkCodecLibZlib
   3331.8 ms  ✓ StringManipulation
    950.9 ms  ✓ Statistics → SparseArraysExt
    950.5 ms  ✓ FillArrays → FillArraysStatisticsExt
   1200.4 ms  ✓ CommonDataModel
    876.1 ms  ✓ StructUtils → StructUtilsTablesExt
   3031.5 ms  ✓ Roots
   2643.9 ms  ✓ StatsFuns
  12458.1 ms  ✓ Revise
  12528.2 ms  ✓ HTTP
  12210.0 ms  ✓ CSV
   3315.3 ms  ✓ StatsBase
    904.8 ms  ✓ StatsFuns → StatsFunsInverseFunctionsExt
   1344.6 ms  ✓ Revise → DistributedExt
   1620.9 ms  ✓ FileIO → HTTPExt
   1290.8 ms  ✓ PDMats → StatsBaseExt
   1669.2 ms  ✓ StatsModels
  23947.5 ms  ✓ JuliaFormatter
   6442.4 ms  ✓ Distributions
   2097.2 ms  ✓ Distributions → DistributionsTestExt
   2784.8 ms  ✓ GLM
  20616.7 ms  ✓ JLD2
  18669.0 ms  ✓ PrettyTables
   7800.2 ms  ✓ Genie
  20515.0 ms  ✓ DataFrames
   3658.1 ms  ✓ NetcdfIO
   4696.5 ms  ✓ PkgUtility
   6982.9 ms  ✓ GriddingMachine
  36 dependencies successfully precompiled in 65 seconds. 157 already precompiled.
=== INSTANTIATE OK ===
Project GriddingMachine v0.5.0
Status `~/Desktop/code/Emerald/GriddingMachine.jl/Project.toml`
⌅ [c43c736e] Genie v5.35.15
⌅ [cd3eb016] HTTP v1.11.0
  [682c06a0] JSON v1.7.1
  [6a36f34d] NetcdfIO v0.3.0
⌅ [bac558e1] OrderedCollections v1.8.2
  [0d262f2c] PkgUtility v0.3.1
  [295af30f] Revise v3.17.0
  [ddb6d928] YAML v0.4.16
  [ade2ca70] Dates v1.11.0
  [f43a241f] Downloads v1.7.0
  [ea8e919c] SHA v0.7.0
  [8dfed614] Test v1.11.0
Info Packages marked with ⌅ have new versions available but compatibility constraints restrict them from upgrading. To see why use `status --outdated`
